Microchip MPLAB XC8 Compiler V2.32

Linker command line:

-W-3 --edf=C:\Program Files\Microchip\xc8\v2.32\pic\dat\en_msgs.txt -cn \
  -h+dist/default/production\Lab4_I2C_Master.X.production.sym \
  --cmf=dist/default/production\Lab4_I2C_Master.X.production.cmf -z \
  -Q16F887 -oC:\Users\jefca\AppData\Local\Temp\xcAsbs4.4 \
  --defsym=__MPLAB_BUILD=1 \
  -Mdist/default/production/Lab4_I2C_Master.X.production.map -E1 \
  -ver=XC8 Compiler --acfsm=1493 -ASTACK=0110h-016Fh -pstack=STACK \
  -ACODE=00h-07FFhx4 -ASTRCODE=00h-01FFFh -ASTRING=00h-0FFhx32 \
  -ACONST=00h-0FFhx32 -AENTRY=00h-0FFhx32 -ACOMMON=070h-07Fh \
  -ABANK0=020h-06Fh -ABANK1=0A0h-0EFh -ABANK2=0110h-016Fh \
  -ABANK3=0190h-01EFh -ARAM=020h-06Fh,0A0h-0EFh,0110h-016Fh,0190h-01EFh \
  -AABS1=020h-07Fh,0A0h-0EFh,0110h-016Fh,0190h-01EFh -ASFR0=00h-01Fh \
  -ASFR1=080h-09Fh -ASFR2=0100h-010Fh -ASFR3=0180h-018Fh \
  -ACONFIG=02007h-02008h -DCONFIG=2 -AIDLOC=02000h-02003h -DIDLOC=2 \
  -AEEDATA=00h-0FFh/02100h -peeprom_data=EEDATA -DEEDATA=2 -DCODE=2 \
  -DSTRCODE=2 -DSTRING=2 -DCONST=2 -DENTRY=2 \
  -preset_vec=00h,intentry,init,end_init -ppowerup=CODE -pcinit=CODE \
  -pfunctab=ENTRY -k C:\Users\jefca\AppData\Local\Temp\xcAsbs4.o \
  dist/default/production\Lab4_I2C_Master.X.production.o 

Object code version is 3.11

Machine type is 16F887



                Name                               Link     Load   Length Selector   Space Scale
C:\Users\jefca\AppData\Local\Temp\xcAsbs4.o
                end_init                              0        0        3        0       0
                config                             2007     2007        2        0       4
dist/default/production\Lab4_I2C_Master.X.production.o
                cinit                               7F3      7F3        D      FE6       0
                config                             2007     2007        2        0       4
                text27                              AE3      AE3       10     15C6       0
                text26                              B1C      B1C       1F     1638       0
                text25                              AD6      AD6        D     15AC       0
                text24                              B3B      B3B       21     1676       0
                text23                              AB0      AB0        9     1560       0
                text22                              ACB      ACB        B     1596       0
                text21                              AB9      AB9        9     1572       0
                text20                              AC2      AC2        9     1584       0
                text19                              CE4      CE4       66     19C8       0
                text18                              C1B      C1B       39     1836       0
                text17                              BA3      BA3       25     1746       0
                text16                              AF3      AF3       14     15E6       0
                text15                              B5C      B5C       23     16B8       0
                text14                              BC8      BC8       27     1790       0
                text13                              492      492      361      924       0
                text12                              1FA      1FA      298      3F4       0
                text11                              B7F      B7F       24     16FE       0
                text10                              DB1      DB1       7C     1B62       0
                text9                               F46      F46       BA     1E8C       0
                text8                               D4A      D4A       67     1A94       0
                text7                               B07      B07       15     160E       0
                text6                               C54      C54       46     18A8       0
                text5                               EAA      EAA       9C     1D54       0
                text4                               E2D      E2D       7D     1C5A       0
                text3                               BEF      BEF       2C     17DE       0
                text2                                 5        5       60        A       0
                text1                               C9A      C9A       4A     1934       0
                maintext                             65       65      195       CA       0
                cstackBANK0                          20       20       3A       20       1
                cstackCOMMON                         70       70        E       70       1
                clrtext                             AA8      AA8        8     1550       0
                bssBANK0                             5A       5A       10       20       1
                strings                             800      800       16     1000       0

TOTAL           Name                               Link     Load   Length     Space
        CLASS   STACK          

        CLASS   CODE           
                end_init                              0        0        3         0
                cinit                               7F3      7F3        D         0
                text27                              AE3      AE3       10         0
                text26                              B1C      B1C       1F         0
                text25                              AD6      AD6        D         0
                text24                              B3B      B3B       21         0
                text23                              AB0      AB0        9         0
                text22                              ACB      ACB        B         0
                text21                              AB9      AB9        9         0
                text20                              AC2      AC2        9         0
                text19                              CE4      CE4       66         0
                text18                              C1B      C1B       39         0
                text17                              BA3      BA3       25         0
                text16                              AF3      AF3       14         0
                text15                              B5C      B5C       23         0
                text14                              BC8      BC8       27         0
                text13                              492      492      361         0
                text12                              1FA      1FA      298         0
                text11                              B7F      B7F       24         0
                text10                              DB1      DB1       7C         0
                text9                               F46      F46       BA         0
                text8                               D4A      D4A       67         0
                text7                               B07      B07       15         0
                text6                               C54      C54       46         0
                text5                               EAA      EAA       9C         0
                text4                               E2D      E2D       7D         0
                text3                               BEF      BEF       2C         0
                text2                                 5        5       60         0
                text1                               C9A      C9A       4A         0
                maintext                             65       65      195         0
                clrtext                             AA8      AA8        8         0

        CLASS   STRCODE        

        CLASS   STRING         
                strings                             800      800       16         0

        CLASS   CONST          

        CLASS   ENTRY          

        CLASS   COMMON         
                cstackCOMMON                         70       70        E         1

        CLASS   BANK0          
                cstackBANK0                          20       20       3A         1
                bssBANK0                             5A       5A       10         1

        CLASS   BANK1          

        CLASS   BANK2          

        CLASS   BANK3          

        CLASS   RAM            

        CLASS   ABS1           
                abs_s1                               7E       7E        2         1

        CLASS   SFR0           

        CLASS   SFR1           

        CLASS   SFR2           

        CLASS   SFR3           

        CLASS   CONFIG         
                config                             2007     2007        2         4

        CLASS   IDLOC          

        CLASS   EEDATA         



SEGMENTS        Name                           Load    Length   Top    Selector   Space  Class     Delta

                reset_vec                      000000  000003  000003         0       0  CODE        2
                text2                          000005  000060  000065         A       0  CODE        2
                cstackBANK0                    000020  00004A  00006A        20       1  BANK0       1
                cstackCOMMON                   000070  00000E  00007E        70       1  COMMON      1
                maintext                       000065  000195  0001FA        CA       0  CODE        2
                text12                         0001FA  000298  000492       3F4       0  CODE        2
                text13                         000492  000361  0007F3       924       0  CODE        2
                cinit                          0007F3  00000D  000800       FE6       0  CODE        2
                strings                        000800  000016  000816      1000       0  STRING      2
                clrtext                        000AA8  000008  000AB0      1550       0  CODE        2
                text23                         000AB0  000009  000AB9      1560       0  CODE        2
                text21                         000AB9  000009  000AC2      1572       0  CODE        2
                text20                         000AC2  000009  000ACB      1584       0  CODE        2
                text22                         000ACB  00000B  000AD6      1596       0  CODE        2
                text25                         000AD6  00000D  000AE3      15AC       0  CODE        2
                text27                         000AE3  000010  000AF3      15C6       0  CODE        2
                text16                         000AF3  000014  000B07      15E6       0  CODE        2
                text7                          000B07  000015  000B1C      160E       0  CODE        2
                text26                         000B1C  00001F  000B3B      1638       0  CODE        2
                text24                         000B3B  000021  000B5C      1676       0  CODE        2
                text15                         000B5C  000023  000B7F      16B8       0  CODE        2
                text11                         000B7F  000024  000BA3      16FE       0  CODE        2
                text17                         000BA3  000025  000BC8      1746       0  CODE        2
                text14                         000BC8  000027  000BEF      1790       0  CODE        2
                text3                          000BEF  00002C  000C1B      17DE       0  CODE        2
                text18                         000C1B  000039  000C54      1836       0  CODE        2
                text6                          000C54  000046  000C9A      18A8       0  CODE        2
                text1                          000C9A  00004A  000CE4      1934       0  CODE        2
                text19                         000CE4  000066  000D4A      19C8       0  CODE        2
                text8                          000D4A  000067  000DB1      1A94       0  CODE        2
                text10                         000DB1  00007C  000E2D      1B62       0  CODE        2
                text4                          000E2D  00007D  000EAA      1C5A       0  CODE        2
                text5                          000EAA  00009C  000F46      1D54       0  CODE        2
                text9                          000F46  0000BA  001000      1E8C       0  CODE        2


UNUSED ADDRESS RANGES

        Name                Unused          Largest block    Delta
        BANK0            006A-006F              6           1
        BANK1            00A0-00EF             50           1
        BANK2            0110-016F             60           1
        BANK3            0190-01EF             60           1
        CODE             0003-0004              2           2
                         0816-0AA7            292
                         1000-1FFF            800
        CONST            0003-0004              2           2
                         0816-0AA7            100
                         1000-1FFF            100
        EEDATA           2100-21FF            100           2
        ENTRY            0003-0004              2           2
                         0816-0AA7            100
                         1000-1FFF            100
        IDLOC            2000-2003              4           2
        RAM              006A-006F              6           1
                         00A0-00EF             50
                         0110-016F             60
                         0190-01EF             60
        SFR0             0000-001F             20           1
        SFR1             0080-009F             20           1
        SFR2             0100-010F             10           1
        SFR3             0180-018F             10           1
        STACK            0110-016F             60           1
        STRCODE          0003-0004              2           2
                         0816-0AA7            292
                         1000-1FFF           1000
        STRING           0003-0004              2           2
                         0816-0AA7            100
                         1000-1FFF            100

                                  Symbol Table

?__Umul8_16                 cstackCOMMON 0070
?___awdiv                   cstackCOMMON 0070
?___fladd                   cstackCOMMON 0070
?___flmul                   cstackBANK0  0020
?___flsub                   cstackBANK0  0028
?___fltol                   cstackBANK0  003A
?___lldiv                   cstackCOMMON 0070
?___xxtofl                  cstackCOMMON 0070
LCDstring@mensaje           cstackCOMMON 0073
MasterInit_I2C@frec         cstackBANK0  0020
MasterReceive_I2C@valor     cstackCOMMON 0071
MasterSend_I2C@dato         cstackCOMMON 0070
_ANSEL                      (abs)        0188
_ANSELH                     (abs)        0189
_DatS1                      bssBANK0     0069
_DatS2                      bssBANK0     0068
_DatS3                      bssBANK0     0067
_LCDstring                  text26       0B1C
_MasterInit_I2C             text18       0C1B
_MasterReceive_I2C          text24       0B3B
_MasterRepeatS_I2C          text23       0AB0
_MasterSend_I2C             text22       0ACB
_MasterStart_I2C            text21       0AB9
_MasterStop_I2C             text20       0AC2
_OSCCONbits                 (abs)        008F
_PORTA                      (abs)        0005
_PORTB                      (abs)        0006
_PORTD                      (abs)        0008
_PORTE                      (abs)        0009
_RE0                        (abs)        0048
_RE1                        (abs)        0049
_SSPADD                     (abs)        0093
_SSPBUF                     (abs)        0013
_SSPCON                     (abs)        0014
_SSPCON2                    (abs)        0091
_SSPCON2bits                (abs)        0091
_SSPSTAT                    (abs)        0094
_TRISA                      (abs)        0085
_TRISB                      (abs)        0086
_TRISCbits                  (abs)        0087
_TRISD                      (abs)        0088
_TRISE                      (abs)        0089
__Habs1                     abs1         0000
__Hbank0                    bank0        0000
__Hbank1                    bank1        0000
__Hbank2                    bank2        0000
__Hbank3                    bank3        0000
__HbssBANK0                 bssBANK0     0000
__Hcinit                    cinit        0800
__Hclrtext                  clrtext      0000
__Hcode                     code         0000
__Hcommon                   common       0000
__Hconfig                   config       2009
__HcstackBANK0              cstackBANK0  0000
__HcstackCOMMON             cstackCOMMON 0000
__Heeprom_data              eeprom_data  0000
__Hend_init                 end_init     0003
__Hfunctab                  functab      0000
__Hinit                     init         0000
__Hintentry                 intentry     0000
__Hmaintext                 maintext     0000
__Hpowerup                  powerup      0000
__Hram                      ram          0000
__Hreset_vec                reset_vec    0000
__Hsfr0                     sfr0         0000
__Hsfr1                     sfr1         0000
__Hsfr2                     sfr2         0000
__Hsfr3                     sfr3         0000
__Hspace_0                  (abs)        1000
__Hspace_1                  (abs)        007E
__Hspace_2                  (abs)        0000
__Hspace_3                  (abs)        0000
__Hspace_4                  (abs)        4010
__Hstack                    stack        0000
__Hstrings                  strings      0000
__Htext                     text         0000
__Labs1                     abs1         0000
__Lbank0                    bank0        0000
__Lbank1                    bank1        0000
__Lbank2                    bank2        0000
__Lbank3                    bank3        0000
__LbssBANK0                 bssBANK0     0000
__Lcinit                    cinit        07F3
__Lclrtext                  clrtext      0000
__Lcode                     code         0000
__Lcommon                   common       0000
__Lconfig                   config       0000
__LcstackBANK0              cstackBANK0  0000
__LcstackCOMMON             cstackCOMMON 0000
__Leeprom_data              eeprom_data  0000
__Lend_init                 end_init     0000
__Lfunctab                  functab      0000
__Linit                     init         0000
__Lintentry                 intentry     0000
__Lmaintext                 maintext     0000
__Lpowerup                  powerup      0000
__Lram                      ram          0000
__Lreset_vec                reset_vec    0000
__Lsfr0                     sfr0         0000
__Lsfr1                     sfr1         0000
__Lsfr2                     sfr2         0000
__Lsfr3                     sfr3         0000
__Lspace_0                  (abs)        0000
__Lspace_1                  (abs)        0000
__Lspace_2                  (abs)        0000
__Lspace_3                  (abs)        0000
__Lspace_4                  (abs)        0000
__Lstack                    stack        0000
__Lstrings                  strings      0000
__Ltext                     text         0000
__S0                        (abs)        1000
__S1                        (abs)        007E
__S2                        (abs)        0000
__S3                        (abs)        0000
__Umul8_16                  text14       0BC8
__Umul8_16@multiplicand     cstackCOMMON 0070
__Umul8_16@multiplier       cstackCOMMON 0078
__Umul8_16@product          cstackCOMMON 0074
__Umul8_16@word_mpld        cstackCOMMON 0076
___awdiv                    text8        0D4A
___awdiv@counter            cstackCOMMON 0075
___awdiv@dividend           cstackCOMMON 0072
___awdiv@divisor            cstackCOMMON 0070
___awdiv@quotient           cstackCOMMON 0077
___awdiv@sign               cstackCOMMON 0076
___bmul                     text7        0B07
___bmul@multiplicand        cstackCOMMON 0070
___bmul@multiplier          cstackCOMMON 0073
___bmul@product             cstackCOMMON 0072
___fladd                    text12       01FA
___fladd@a                  cstackCOMMON 0074
___fladd@aexp               cstackCOMMON 0079
___fladd@b                  cstackCOMMON 0070
___fladd@bexp               cstackCOMMON 007A
___fladd@grs                cstackCOMMON 007B
___fladd@signs              cstackCOMMON 0078
___flmul                    text13       0492
___flmul@a                  cstackBANK0  0024
___flmul@aexp               cstackBANK0  0032
___flmul@b                  cstackBANK0  0020
___flmul@bexp               cstackBANK0  0033
___flmul@grs                cstackBANK0  002E
___flmul@prod               cstackBANK0  0034
___flmul@sign               cstackBANK0  002D
___flmul@temp               cstackBANK0  0038
___flsub                    text11       0B7F
___flsub@a                  cstackBANK0  0028
___flsub@b                  cstackBANK0  002C
___fltol                    text10       0DB1
___fltol@exp1               cstackBANK0  0044
___fltol@f1                 cstackBANK0  003A
___fltol@sign1              cstackBANK0  0043
___int_sp                   stack        0000
___latbits                  (abs)        0002
___lldiv                    text19       0CE4
___lldiv@counter            cstackCOMMON 007D
___lldiv@dividend           cstackCOMMON 0074
___lldiv@divisor            cstackCOMMON 0070
___lldiv@quotient           cstackCOMMON 0079
___sp                       stack        0000
___stackhi                  (abs)        0000
___stacklo                  (abs)        0000
___xxtofl                   text9        0F46
___xxtofl@arg               cstackCOMMON 007A
___xxtofl@exp               cstackCOMMON 0079
___xxtofl@sign              cstackCOMMON 0078
___xxtofl@val               cstackCOMMON 0070
__end_of_LCDstring          text26       0B3B
__end_of_MasterInit_I2C     text18       0C54
__end_of_MasterReceive_I2C  text24       0B5C
__end_of_MasterRepeatS_I2C  text23       0AB9
__end_of_MasterSend_I2C     text22       0AD6
__end_of_MasterStart_I2C    text21       0AC2
__end_of_MasterStop_I2C     text20       0ACB
__end_of__Umul8_16          text14       0BEF
__end_of___awdiv            text8        0DB1
__end_of___bmul             text7        0B1C
__end_of___fladd            text12       0492
__end_of___flmul            text13       07F3
__end_of___flsub            text11       0BA3
__end_of___fltol            text10       0E2D
__end_of___lldiv            text19       0D4A
__end_of___xxtofl           text9        1000
__end_of__initialization    cinit        07FC
__end_of__stringtab         strings      0806
__end_of_comandoLCD         text16       0B07
__end_of_config             text17       0BC8
__end_of_cursorLCD          text15       0B7F
__end_of_dispCHAR           text27       0AF3
__end_of_division           text6        0C9A
__end_of_divisiondecimal    text4        0EAA
__end_of_floTochar          text5        0F46
__end_of_hexTochar          text3        0C1B
__end_of_hexTocharNEG       text2        0065
__end_of_initLCD            text1        0CE4
__end_of_main               maintext     01FA
__end_of_waitCondition      text25       0AE3
__initialization            cinit        07F3
__pbssBANK0                 bssBANK0     005A
__pcstackBANK0              cstackBANK0  0020
__pcstackCOMMON             cstackCOMMON 0070
__pmaintext                 maintext     0065
__pstrings                  strings      0800
__ptext1                    text1        0C9A
__ptext10                   text10       0DB1
__ptext11                   text11       0B7F
__ptext12                   text12       01FA
__ptext13                   text13       0492
__ptext14                   text14       0BC8
__ptext15                   text15       0B5C
__ptext16                   text16       0AF3
__ptext17                   text17       0BA3
__ptext18                   text18       0C1B
__ptext19                   text19       0CE4
__ptext2                    text2        0005
__ptext20                   text20       0AC2
__ptext21                   text21       0AB9
__ptext22                   text22       0ACB
__ptext23                   text23       0AB0
__ptext24                   text24       0B3B
__ptext25                   text25       0AD6
__ptext26                   text26       0B1C
__ptext27                   text27       0AE3
__ptext3                    text3        0BEF
__ptext4                    text4        0E2D
__ptext5                    text5        0EAA
__ptext6                    text6        0C54
__ptext7                    text7        0B07
__ptext8                    text8        0D4A
__ptext9                    text9        0F46
__size_of_LCDstring         (abs)        0000
__size_of_MasterInit_I2C    (abs)        0000
__size_of_MasterReceive_I2C (abs)        0000
__size_of_MasterRepeatS_I2C (abs)        0000
__size_of_MasterSend_I2C    (abs)        0000
__size_of_MasterStart_I2C   (abs)        0000
__size_of_MasterStop_I2C    (abs)        0000
__size_of__Umul8_16         (abs)        0000
__size_of___awdiv           (abs)        0000
__size_of___bmul            (abs)        0000
__size_of___fladd           (abs)        0000
__size_of___flmul           (abs)        0000
__size_of___flsub           (abs)        0000
__size_of___fltol           (abs)        0000
__size_of___lldiv           (abs)        0000
__size_of___xxtofl          (abs)        0000
__size_of_comandoLCD        (abs)        0000
__size_of_config            (abs)        0000
__size_of_cursorLCD         (abs)        0000
__size_of_dispCHAR          (abs)        0000
__size_of_division          (abs)        0000
__size_of_divisiondecimal   (abs)        0000
__size_of_floTochar         (abs)        0000
__size_of_hexTochar         (abs)        0000
__size_of_hexTocharNEG      (abs)        0000
__size_of_initLCD           (abs)        0000
__size_of_main              (abs)        0000
__size_of_waitCondition     (abs)        0000
__stringbase                strings      0805
__stringtab                 strings      0800
_comandoLCD                 text16       0AF3
_config                     text17       0BA3
_cursorLCD                  text15       0B5C
_disp1                      bssBANK0     0064
_disp2                      bssBANK0     0061
_disp3                      bssBANK0     005E
_dispCHAR                   text27       0AE3
_division                   text6        0C54
_divisiondecimal            text4        0E2D
_floTochar                  text5        0EAA
_hexTochar                  text3        0BEF
_hexTocharNEG               text2        0005
_initLCD                    text1        0C9A
_lect1                      bssBANK0     005A
_main                       maintext     0065
_waitCondition              text25       0AD6
btemp                       (abs)        007E
clear_ram0                  clrtext      0AA8
comandoLCD@cmd              cstackCOMMON 0072
cursorLCD@columna           cstackCOMMON 0073
cursorLCD@fila              cstackCOMMON 0075
cursorLCD@temp              cstackCOMMON 0076
dispCHAR@b                  cstackCOMMON 0071
division@conteo             cstackBANK0  0020
division@dec                cstackCOMMON 007A
division@div                cstackBANK0  0021
division@uni                cstackCOMMON 0079
divisiondecimal@cent        cstackCOMMON 007B
divisiondecimal@conteo      cstackCOMMON 007C
divisiondecimal@dec         cstackCOMMON 007A
divisiondecimal@div         cstackCOMMON 007D
divisiondecimal@uni         cstackCOMMON 0079
end_of_initialization       cinit        07FC
floTochar@conv              cstackBANK0  0049
floTochar@decimal           cstackBANK0  0052
floTochar@digdecimal        cstackBANK0  0054
floTochar@entero            cstackBANK0  0053
floTochar@temp              cstackBANK0  004E
floTochar@valor             cstackBANK0  0045
hexTochar@centena           cstackBANK0  0029
hexTochar@conv              cstackBANK0  0023
hexTochar@decena            cstackBANK0  002A
hexTochar@unidad            cstackBANK0  0028
hexTochar@valor             cstackBANK0  0027
hexTocharNEG@centena        cstackBANK0  0029
hexTocharNEG@conv           cstackBANK0  0023
hexTocharNEG@decena         cstackBANK0  002B
hexTocharNEG@temporal       cstackBANK0  0027
hexTocharNEG@unidad         cstackBANK0  002A
hexTocharNEG@valor          cstackBANK0  0028
intlevel0                   functab      0000
intlevel1                   functab      0000
intlevel2                   functab      0000
intlevel3                   functab      0000
intlevel4                   functab      0000
intlevel5                   functab      0000
reset_vec                   reset_vec    0000
start                       init         0000
start_initialization        cinit        07F3
wtemp0                      (abs)        007E


MODULE INFORMATION

Module		Function		Class		Link	Load	Size
C:\Program Files\Microchip\xc8\v2.32\pic\sources\c90\common\Umul8.c
		___bmul        		CODE           	0B07	0000	21

C:\Program Files\Microchip\xc8\v2.32\pic\sources\c90\common\Umul8.c estimated size: 21

C:\Program Files\Microchip\xc8\v2.32\pic\sources\c90\common\sprcadd.c
		___flsub       		CODE           	0B7F	0000	36
		___fladd       		CODE           	01FA	0000	664

C:\Program Files\Microchip\xc8\v2.32\pic\sources\c90\common\sprcadd.c estimated size: 700

C:\Program Files\Microchip\xc8\v2.32\pic\sources\c90\common\xxtofl.c
		___xxtofl      		CODE           	0F46	0000	186

C:\Program Files\Microchip\xc8\v2.32\pic\sources\c90\common\xxtofl.c estimated size: 186

C:\Program Files\Microchip\xc8\v2.32\pic\sources\c90\common\Umul8_16.c
		__Umul8_16     		CODE           	0BC8	0000	39

C:\Program Files\Microchip\xc8\v2.32\pic\sources\c90\common\Umul8_16.c estimated size: 39

I2C.c
		_MasterRepeatS_I2C		CODE           	0AB0	0000	9
		_MasterReceive_I2C		CODE           	0B3B	0000	33
		_waitCondition 		CODE           	0AD6	0000	13
		_MasterSend_I2C		CODE           	0ACB	0000	11
		_MasterStop_I2C		CODE           	0AC2	0000	9
		_MasterInit_I2C		CODE           	0C1B	0000	57
		_MasterStart_I2C		CODE           	0AB9	0000	9

I2C.c estimated size: 141

I2C Main.c
		_floTochar     		CODE           	0EAA	0000	156
		_main          		CODE           	0065	0000	405
		_divisiondecimal		CODE           	0E2D	0000	125
		_hexTochar     		CODE           	0BEF	0000	44
		_hexTocharNEG  		CODE           	0005	0000	96
		_config        		CODE           	0BA3	0000	37
		_division      		CODE           	0C54	0000	70

I2C Main.c estimated size: 933

shared
		__stringtab    		STRING         	0800	0000	6
		__initialization		CODE           	07F3	0000	9

shared estimated size: 15

C:\Program Files\Microchip\xc8\v2.32\pic\sources\c90\common\sprcmul.c
		___flmul       		CODE           	0492	0000	865

C:\Program Files\Microchip\xc8\v2.32\pic\sources\c90\common\sprcmul.c estimated size: 865

C:\Program Files\Microchip\xc8\v2.32\pic\sources\c90\common\awdiv.c
		___awdiv       		CODE           	0D4A	0000	103

C:\Program Files\Microchip\xc8\v2.32\pic\sources\c90\common\awdiv.c estimated size: 103

C:\Program Files\Microchip\xc8\v2.32\pic\sources\c90\common\fltol.c
		___fltol       		CODE           	0DB1	0000	124

C:\Program Files\Microchip\xc8\v2.32\pic\sources\c90\common\fltol.c estimated size: 124

LCD.c
		_cursorLCD     		CODE           	0B5C	0000	35
		_comandoLCD    		CODE           	0AF3	0000	20
		_LCDstring     		CODE           	0B1C	0000	31
		_initLCD       		CODE           	0C9A	0000	74
		_dispCHAR      		CODE           	0AE3	0000	16

LCD.c estimated size: 176

C:\Program Files\Microchip\xc8\v2.32\pic\sources\c90\common\__lldiv.c
		___lldiv       		CODE           	0CE4	0000	102

C:\Program Files\Microchip\xc8\v2.32\pic\sources\c90\common\__lldiv.c estimated size: 102

