Microchip MPLAB XC8 Compiler V2.32

Linker command line:

-W-3 --edf=C:\Program Files\Microchip\xc8\v2.32\pic\dat\en_msgs.txt -cn \
  -h+dist/default/production\P1_Master.X.production.sym \
  --cmf=dist/default/production\P1_Master.X.production.cmf -z -Q16F887 \
  -oC:\Users\jefca\AppData\Local\Temp\xcAsftg.4 --defsym=__MPLAB_BUILD=1 \
  -Mdist/default/production/P1_Master.X.production.map -E1 \
  -ver=XC8 Compiler --acfsm=1493 -ASTACK=0110h-016Fh -pstack=STACK \
  -ACODE=00h-07FFhx4 -ASTRCODE=00h-01FFFh -ASTRING=00h-0FFhx32 \
  -ACONST=00h-0FFhx32 -AENTRY=00h-0FFhx32 -ACOMMON=070h-07Fh \
  -ABANK0=020h-06Fh -ABANK1=0A0h-0EFh -ABANK2=0110h-016Fh \
  -ABANK3=0190h-01EFh -ARAM=020h-06Fh,0A0h-0EFh,0110h-016Fh,0190h-01EFh \
  -AABS1=020h-07Fh,0A0h-0EFh,0110h-016Fh,0190h-01EFh -ASFR0=00h-01Fh \
  -ASFR1=080h-09Fh -ASFR2=0100h-010Fh -ASFR3=0180h-018Fh \
  -ACONFIG=02007h-02008h -DCONFIG=2 -AIDLOC=02000h-02003h -DIDLOC=2 \
  -AEEDATA=00h-0FFh/02100h -peeprom_data=EEDATA -DEEDATA=2 -DCODE=2 \
  -DSTRCODE=2 -DSTRING=2 -DCONST=2 -DENTRY=2 \
  -preset_vec=00h,intentry=04h,init,end_init -ppowerup=CODE -pcinit=CODE \
  -pfunctab=ENTRY -k C:\Users\jefca\AppData\Local\Temp\xcAsftg.o \
  dist/default/production\P1_Master.X.production.o 

Object code version is 3.11

Machine type is 16F887



                Name                               Link     Load   Length Selector   Space Scale
C:\Users\jefca\AppData\Local\Temp\xcAsftg.o
                end_init                              C        C        3        8       0
                reset_vec                             0        0        3        0       0
                config                             2007     2007        2        0       4
dist/default/production\P1_Master.X.production.o
                cinit                                 F        F       11        8       0
                intentry                              4        4        8        8       0
                config                             2007     2007        2        0       4
                text22                              F5F      F5F        7     1EBE       0
                text21                              6D1      6D1       44        8       0
                text20                              FB6      FB6       25     1F6C       0
                text19                              540      540       74        8       0
                text18                              F82      F82        D     1F04       0
                text17                              786      786       2E        8       0
                text16                              F66      F66        9     1ECC       0
                text15                              F6F      F6F        9     1EDE       0
                text14                              F78      F78        A     1EF0       0
                text13                              7DD      7DD       22        8       0
                text12                              F9C      F9C       1A     1F38       0
                text11                              F8F      F8F        D     1F1E       0
                text10                              61C      61C       5D        8       0
                text9                               679      679       58        8       0
                text8                               715      715       39        8       0
                text7                               FDB      FDB       25     1FB6       0
                text6                               22B      22B      1DD        8       0
                text5                               4C4      4C4       7C        8       0
                text4                               408      408       BC        8       0
                text3                               5B4      5B4       68        8       0
                text2                               74E      74E       38        8       0
                text1                               7B4      7B4       29        8       0
                maintext                             20       20      20B        8       0
                cstackBANK0                          20       20       2C       20       1
                cstackCOMMON                         70       70        C       70       1
                dataBANK0                            53       53        1       20       1
                bssBANK0                             4C       4C        7       20       1
                strings                             800      800       1C     1000       0
                idataBANK0                          7FF      7FF        1        8       0

TOTAL           Name                               Link     Load   Length     Space
        CLASS   STACK          

        CLASS   CODE           
                end_init                              C        C        3         0
                cinit                                 F        F       11         0
                intentry                              4        4        8         0
                reset_vec                             0        0        3         0
                text22                              F5F      F5F        7         0
                text21                              6D1      6D1       44         0
                text20                              FB6      FB6       25         0
                text19                              540      540       74         0
                text18                              F82      F82        D         0
                text17                              786      786       2E         0
                text16                              F66      F66        9         0
                text15                              F6F      F6F        9         0
                text14                              F78      F78        A         0
                text13                              7DD      7DD       22         0
                text12                              F9C      F9C       1A         0
                text11                              F8F      F8F        D         0
                text10                              61C      61C       5D         0
                text9                               679      679       58         0
                text8                               715      715       39         0
                text7                               FDB      FDB       25         0
                text6                               22B      22B      1DD         0
                text5                               4C4      4C4       7C         0
                text4                               408      408       BC         0
                text3                               5B4      5B4       68         0
                text2                               74E      74E       38         0
                text1                               7B4      7B4       29         0
                maintext                             20       20      20B         0
                idataBANK0                          7FF      7FF        1         0

        CLASS   STRCODE        

        CLASS   STRING         
                strings                             800      800       1C         0

        CLASS   CONST          

        CLASS   ENTRY          

        CLASS   COMMON         
                cstackCOMMON                         70       70        C         1

        CLASS   BANK0          
                cstackBANK0                          20       20       2C         1
                dataBANK0                            53       53        1         1
                bssBANK0                             4C       4C        7         1

        CLASS   BANK1          

        CLASS   BANK2          

        CLASS   BANK3          

        CLASS   RAM            

        CLASS   ABS1           
                abs_s1                               7E       7E        2         1

        CLASS   SFR0           

        CLASS   SFR1           

        CLASS   SFR2           

        CLASS   SFR3           

        CLASS   CONFIG         
                config                             2007     2007        2         4

        CLASS   IDLOC          

        CLASS   EEDATA         



SEGMENTS        Name                           Load    Length   Top    Selector   Space  Class     Delta

                reset_vec                      000000  000003  000003         0       0  CODE        2
                intentry                       000004  0007FC  000800         8       0  CODE        2
                cstackBANK0                    000020  000034  000054        20       1  BANK0       1
                cstackCOMMON                   000070  00000C  00007C        70       1  COMMON      1
                strings                        000800  00001C  00081C      1000       0  STRING      2
                text22                         000F5F  000007  000F66      1EBE       0  CODE        2
                text16                         000F66  000009  000F6F      1ECC       0  CODE        2
                text15                         000F6F  000009  000F78      1EDE       0  CODE        2
                text14                         000F78  00000A  000F82      1EF0       0  CODE        2
                text18                         000F82  00000D  000F8F      1F04       0  CODE        2
                text11                         000F8F  00000D  000F9C      1F1E       0  CODE        2
                text12                         000F9C  00001A  000FB6      1F38       0  CODE        2
                text20                         000FB6  000025  000FDB      1F6C       0  CODE        2
                text7                          000FDB  000025  001000      1FB6       0  CODE        2


UNUSED ADDRESS RANGES

        Name                Unused          Largest block    Delta
        BANK0            0054-006F             1C           1
        BANK1            00A0-00EF             50           1
        BANK2            0110-016F             60           1
        BANK3            0190-01EF             60           1
        CODE             0003-0003              1           2
                         081C-0F5E            743
                         1000-1FFF            800
        COMMON           007C-007D              2           1
        CONST            0003-0003              1           2
                         081C-0F5E            100
                         1000-1FFF            100
        EEDATA           2100-21FF            100           2
        ENTRY            0003-0003              1           2
                         081C-0F5E            100
                         1000-1FFF            100
        IDLOC            2000-2003              4           2
        RAM              0054-006F             1C           1
                         00A0-00EF             50
                         0110-016F             60
                         0190-01EF             60
        SFR0             0000-001F             20           1
        SFR1             0080-009F             20           1
        SFR2             0100-010F             10           1
        SFR3             0180-018F             10           1
        STACK            0110-016F             60           1
        STRCODE          0003-0003              1           2
                         081C-0F5E            743
                         1000-1FFF           1000
        STRING           0003-0003              1           2
                         081C-0F5E            100
                         1000-1FFF            100

                                  Symbol Table

?_I2C_Master_Read          cstackCOMMON 0072
?___fldiv                  cstackBANK0  0026
?___fltol                  cstackBANK0  0040
?___lldiv                  cstackCOMMON 0072
?___lwdiv                  cstackCOMMON 0072
?___wmul                   cstackCOMMON 0072
?___xxtofl                 cstackCOMMON 0072
Decimal@valor              cstackBANK0  0022
Decimal@variable           cstackCOMMON 007A
I2C_Master_Init@c          cstackBANK0  0025
I2C_Master_Read@a          cstackCOMMON 0072
I2C_Master_Read@temp       cstackCOMMON 0076
I2C_Master_Write@d         cstackCOMMON 0072
Lcd_Cmd@a                  cstackCOMMON 0075
Lcd_Port@a                 cstackCOMMON 0072
Lcd_Set_Cursor@a           cstackBANK0  0020
Lcd_Set_Cursor@b           cstackCOMMON 0076
Lcd_Set_Cursor@temp        cstackBANK0  0023
Lcd_Set_Cursor@y           cstackBANK0  0022
Lcd_Set_Cursor@z           cstackBANK0  0021
Lcd_Write_Char@a           cstackCOMMON 0076
Lcd_Write_Char@temp        cstackCOMMON 0074
Lcd_Write_Char@y           cstackCOMMON 0075
Lcd_Write_String@a         cstackCOMMON 0079
Lcd_Write_String@i         cstackCOMMON 0077
_ANSEL                     (abs)        0188
_ANSELH                    (abs)        0189
_CC                        bssBANK0     0052
_Centena                   bssBANK0     004E
_Decena                    bssBANK0     004F
_Decimal                   text19       0540
_GIE                       (abs)        005F
_I2C_Master_Init           text2        074E
_I2C_Master_Read           text17       0786
_I2C_Master_Start          text16       0F66
_I2C_Master_Stop           text15       0F6F
_I2C_Master_Wait           text18       0F82
_I2C_Master_Write          text14       0F78
_INTCONbits                (abs)        000B
_Lcd_Clear                 text11       0F8F
_Lcd_Cmd                   text12       0F9C
_Lcd_Init                  text10       061C
_Lcd_Port                  text13       07DD
_Lcd_Set_Cursor            text9        0679
_Lcd_Write_Char            text8        0715
_Lcd_Write_String          text7        0FDB
_Luz                       bssBANK0     004C
_OSCCONbits                (abs)        008F
_PEIE                      (abs)        005E
_PORTA                     (abs)        0005
_PORTB                     (abs)        0006
_PORTC                     (abs)        0007
_PORTD                     (abs)        0008
_PORTE                     (abs)        0009
_RD2                       (abs)        0042
_RD3                       (abs)        0043
_RD4                       (abs)        0044
_RD5                       (abs)        0045
_RD6                       (abs)        0046
_RD7                       (abs)        0047
_SSPADD                    (abs)        0093
_SSPBUF                    (abs)        0013
_SSPCON                    (abs)        0014
_SSPCON2                   (abs)        0091
_SSPCON2bits               (abs)        0091
_SSPIE                     (abs)        0463
_SSPIF                     (abs)        0063
_SSPSTAT                   (abs)        0094
_Sp                        bssBANK0     0051
_TRISA                     (abs)        0085
_TRISB                     (abs)        0086
_TRISC                     (abs)        0087
_TRISC3                    (abs)        043B
_TRISC4                    (abs)        043C
_TRISCbits                 (abs)        0087
_TRISD                     (abs)        0088
_TRISE                     (abs)        0089
_Tnk                       dataBANK0    0053
_Unidad                    bssBANK0     0050
__Habs1                    abs1         0000
__Hbank0                   bank0        0000
__Hbank1                   bank1        0000
__Hbank2                   bank2        0000
__Hbank3                   bank3        0000
__HbssBANK0                bssBANK0     0000
__Hcinit                   cinit        0020
__Hclrtext                 clrtext      0000
__Hcode                    code         0000
__Hcommon                  common       0000
__Hconfig                  config       2009
__HcstackBANK0             cstackBANK0  0000
__HcstackCOMMON            cstackCOMMON 0000
__HdataBANK0               dataBANK0    0000
__Heeprom_data             eeprom_data  0000
__Hend_init                end_init     000F
__Hfunctab                 functab      0000
__HidataBANK0              idataBANK0   0000
__Hinit                    init         000C
__Hintentry                intentry     000C
__Hmaintext                maintext     0000
__Hpowerup                 powerup      0000
__Hram                     ram          0000
__Hreset_vec               reset_vec    0003
__Hsfr0                    sfr0         0000
__Hsfr1                    sfr1         0000
__Hsfr2                    sfr2         0000
__Hsfr3                    sfr3         0000
__Hspace_0                 (abs)        1000
__Hspace_1                 (abs)        007C
__Hspace_2                 (abs)        0000
__Hspace_3                 (abs)        0000
__Hspace_4                 (abs)        4010
__Hstack                   stack        0000
__Hstrings                 strings      0000
__Htext                    text         0000
__Labs1                    abs1         0000
__Lbank0                   bank0        0000
__Lbank1                   bank1        0000
__Lbank2                   bank2        0000
__Lbank3                   bank3        0000
__LbssBANK0                bssBANK0     0000
__Lcinit                   cinit        000F
__Lclrtext                 clrtext      0000
__Lcode                    code         0000
__Lcommon                  common       0000
__Lconfig                  config       0000
__LcstackBANK0             cstackBANK0  0000
__LcstackCOMMON            cstackCOMMON 0000
__LdataBANK0               dataBANK0    0000
__Leeprom_data             eeprom_data  0000
__Lend_init                end_init     000C
__Lfunctab                 functab      0000
__LidataBANK0              idataBANK0   0000
__Linit                    init         000C
__Lintentry                intentry     0004
__Lmaintext                maintext     0000
__Lpowerup                 powerup      0000
__Lram                     ram          0000
__Lreset_vec               reset_vec    0000
__Lsfr0                    sfr0         0000
__Lsfr1                    sfr1         0000
__Lsfr2                    sfr2         0000
__Lsfr3                    sfr3         0000
__Lspace_0                 (abs)        0000
__Lspace_1                 (abs)        0000
__Lspace_2                 (abs)        0000
__Lspace_3                 (abs)        0000
__Lspace_4                 (abs)        0000
__Lstack                   stack        0000
__Lstrings                 strings      0000
__Ltext                    text         0000
__S0                       (abs)        1000
__S1                       (abs)        007C
__S2                       (abs)        0000
__S3                       (abs)        0000
___fldiv                   text6        022B
___fldiv@a                 cstackBANK0  0026
___fldiv@aexp              cstackBANK0  003F
___fldiv@b                 cstackBANK0  002A
___fldiv@bexp              cstackBANK0  003E
___fldiv@grs               cstackBANK0  003A
___fldiv@new_exp           cstackBANK0  0038
___fldiv@rem               cstackBANK0  0033
___fldiv@sign              cstackBANK0  0037
___fltol                   text5        04C4
___fltol@exp1              cstackCOMMON 007B
___fltol@f1                cstackBANK0  0040
___fltol@sign1             cstackCOMMON 007A
___int_sp                  stack        0000
___latbits                 (abs)        0002
___lldiv                   text3        05B4
___lldiv@counter           cstackBANK0  0024
___lldiv@dividend          cstackCOMMON 0076
___lldiv@divisor           cstackCOMMON 0072
___lldiv@quotient          cstackBANK0  0020
___lwdiv                   text21       06D1
___lwdiv@counter           cstackCOMMON 0079
___lwdiv@dividend          cstackCOMMON 0074
___lwdiv@divisor           cstackCOMMON 0072
___lwdiv@quotient          cstackCOMMON 0077
___sp                      stack        0000
___stackhi                 (abs)        0000
___stacklo                 (abs)        0000
___wmul                    text20       0FB6
___wmul@multiplicand       cstackCOMMON 0074
___wmul@multiplier         cstackCOMMON 0072
___wmul@product            cstackCOMMON 0076
___xxtofl                  text4        0408
___xxtofl@arg              cstackBANK0  0022
___xxtofl@exp              cstackBANK0  0021
___xxtofl@sign             cstackBANK0  0020
___xxtofl@val              cstackCOMMON 0072
__end_of_Decimal           text19       05B4
__end_of_I2C_Master_Init   text2        0786
__end_of_I2C_Master_Read   text17       07B4
__end_of_I2C_Master_Start  text16       0F6F
__end_of_I2C_Master_Stop   text15       0F78
__end_of_I2C_Master_Wait   text18       0F8F
__end_of_I2C_Master_Write  text14       0F82
__end_of_Lcd_Clear         text11       0F9C
__end_of_Lcd_Cmd           text12       0FB6
__end_of_Lcd_Init          text10       0679
__end_of_Lcd_Port          text13       07FF
__end_of_Lcd_Set_Cursor    text9        06D1
__end_of_Lcd_Write_Char    text8        074E
__end_of_Lcd_Write_String  text7        1000
__end_of___fldiv           text6        0408
__end_of___fltol           text5        0540
__end_of___lldiv           text3        061C
__end_of___lwdiv           text21       0715
__end_of___wmul            text20       0FDB
__end_of___xxtofl          text4        04C4
__end_of__initialization   cinit        001C
__end_of__stringtab        strings      0806
__end_of_isr               text22       0F66
__end_of_main              maintext     022B
__end_of_setup             text1        07DD
__initialization           cinit        000F
__pbssBANK0                bssBANK0     004C
__pcstackBANK0             cstackBANK0  0020
__pcstackCOMMON            cstackCOMMON 0070
__pdataBANK0               dataBANK0    0053
__pidataBANK0              idataBANK0   07FF
__pintentry                intentry     0004
__pmaintext                maintext     0020
__pstrings                 strings      0800
__ptext1                   text1        07B4
__ptext10                  text10       061C
__ptext11                  text11       0F8F
__ptext12                  text12       0F9C
__ptext13                  text13       07DD
__ptext14                  text14       0F78
__ptext15                  text15       0F6F
__ptext16                  text16       0F66
__ptext17                  text17       0786
__ptext18                  text18       0F82
__ptext19                  text19       0540
__ptext2                   text2        074E
__ptext20                  text20       0FB6
__ptext21                  text21       06D1
__ptext22                  text22       0F5F
__ptext3                   text3        05B4
__ptext4                   text4        0408
__ptext5                   text5        04C4
__ptext6                   text6        022B
__ptext7                   text7        0FDB
__ptext8                   text8        0715
__ptext9                   text9        0679
__size_of_Decimal          (abs)        0000
__size_of_I2C_Master_Init  (abs)        0000
__size_of_I2C_Master_Read  (abs)        0000
__size_of_I2C_Master_Start (abs)        0000
__size_of_I2C_Master_Stop  (abs)        0000
__size_of_I2C_Master_Wait  (abs)        0000
__size_of_I2C_Master_Write (abs)        0000
__size_of_Lcd_Clear        (abs)        0000
__size_of_Lcd_Cmd          (abs)        0000
__size_of_Lcd_Init         (abs)        0000
__size_of_Lcd_Port         (abs)        0000
__size_of_Lcd_Set_Cursor   (abs)        0000
__size_of_Lcd_Write_Char   (abs)        0000
__size_of_Lcd_Write_String (abs)        0000
__size_of___fldiv          (abs)        0000
__size_of___fltol          (abs)        0000
__size_of___lldiv          (abs)        0000
__size_of___lwdiv          (abs)        0000
__size_of___wmul           (abs)        0000
__size_of___xxtofl         (abs)        0000
__size_of_isr              (abs)        0000
__size_of_main             (abs)        0000
__size_of_setup            (abs)        0000
__stringbase               strings      0805
__stringtab                strings      0800
_isr                       text22       0F5F
_main                      maintext     0020
_setup                     text1        07B4
btemp                      (abs)        007E
end_of_initialization      cinit        001C
interrupt_function         intentry     0004
intlevel0                  functab      0000
intlevel1                  functab      0000
intlevel2                  functab      0000
intlevel3                  functab      0000
intlevel4                  functab      0000
intlevel5                  functab      0000
reset_vec                  reset_vec    0000
saved_w                    (abs)        007E
start                      init         000C
start_initialization       cinit        000F
wtemp0                     (abs)        007E


MODULE INFORMATION

Module		Function		Class		Link	Load	Size
C:\Program Files\Microchip\xc8\v2.32\pic\sources\c90\common\xxtofl.c
		___xxtofl      		CODE           	0408	0000	188

C:\Program Files\Microchip\xc8\v2.32\pic\sources\c90\common\xxtofl.c estimated size: 188

I2C.c
		_I2C_Master_Read		CODE           	0786	0000	46
		_I2C_Master_Wait		CODE           	0F82	0000	13
		_I2C_Master_Init		CODE           	074E	0000	56
		_I2C_Master_Stop		CODE           	0F6F	0000	9
		_I2C_Master_Write		CODE           	0F78	0000	10
		_I2C_Master_Start		CODE           	0F66	0000	9

I2C.c estimated size: 143

P1 Master.c
		_main          		CODE           	0020	0000	523
		_isr           		CODE           	0F5F	0000	7
		_Decimal       		CODE           	0540	0000	116
		_setup         		CODE           	07B4	0000	41

P1 Master.c estimated size: 687

shared
		__stringtab    		STRING         	0800	0000	6
		__initialization		CODE           	000F	0000	13

shared estimated size: 19

C:\Program Files\Microchip\xc8\v2.32\pic\sources\c90\common\sprcdiv.c
		___fldiv       		CODE           	022B	0000	477

C:\Program Files\Microchip\xc8\v2.32\pic\sources\c90\common\sprcdiv.c estimated size: 477

C:\Program Files\Microchip\xc8\v2.32\pic\sources\c90\common\lwdiv.c
		___lwdiv       		CODE           	06D1	0000	68

C:\Program Files\Microchip\xc8\v2.32\pic\sources\c90\common\lwdiv.c estimated size: 68

C:\Program Files\Microchip\xc8\v2.32\pic\sources\c90\common\Umul16.c
		___wmul        		CODE           	0FB6	0000	37

C:\Program Files\Microchip\xc8\v2.32\pic\sources\c90\common\Umul16.c estimated size: 37

C:\Program Files\Microchip\xc8\v2.32\pic\sources\c90\common\fltol.c
		___fltol       		CODE           	04C4	0000	124

C:\Program Files\Microchip\xc8\v2.32\pic\sources\c90\common\fltol.c estimated size: 124

C:\Program Files\Microchip\xc8\v2.32\pic\sources\c90\common\__lldiv.c
		___lldiv       		CODE           	05B4	0000	104

C:\Program Files\Microchip\xc8\v2.32\pic\sources\c90\common\__lldiv.c estimated size: 104

LCD.c
		_Lcd_Write_String		CODE           	0FDB	0000	37
		_Lcd_Init      		CODE           	061C	0000	93
		_Lcd_Write_Char		CODE           	0715	0000	57
		_Lcd_Cmd       		CODE           	0F9C	0000	26
		_Lcd_Set_Cursor		CODE           	0679	0000	88
		_Lcd_Clear     		CODE           	0F8F	0000	13
		_Lcd_Port      		CODE           	07DD	0000	34

LCD.c estimated size: 348

