Microchip MPLAB XC8 Compiler V2.32

Linker command line:

-W-3 --edf=C:\Program Files\Microchip\xc8\v2.32\pic\dat\en_msgs.txt -cn \
  -h+dist/default/production\Lab1_Interrupciones_y_uso_de_librer_as_.X.production.sym \
  --cmf=dist/default/production\Lab1_Interrupciones_y_uso_de_librer_as_.X.production.cmf \
  -z -Q16F887 -oC:\Users\jefca\AppData\Local\Temp\xcAs5r4.4 \
  --defsym=__MPLAB_BUILD=1 \
  -Mdist/default/production/Lab1_Interrupciones_y_uso_de_librer_as_.X.production.map \
  -E1 -ver=XC8 Compiler --acfsm=1493 -ASTACK=0110h-016Fh -pstack=STACK \
  -ACODE=00h-07FFhx4 -ASTRCODE=00h-01FFFh -ASTRING=00h-0FFhx32 \
  -ACONST=00h-0FFhx32 -AENTRY=00h-0FFhx32 -ACOMMON=070h-07Fh \
  -ABANK0=020h-06Fh -ABANK1=0A0h-0EFh -ABANK2=0110h-016Fh \
  -ABANK3=0190h-01EFh -ARAM=020h-06Fh,0A0h-0EFh,0110h-016Fh,0190h-01EFh \
  -AABS1=020h-07Fh,0A0h-0EFh,0110h-016Fh,0190h-01EFh -ASFR0=00h-01Fh \
  -ASFR1=080h-09Fh -ASFR2=0100h-010Fh -ASFR3=0180h-018Fh \
  -ACONFIG=02007h-02008h -DCONFIG=2 -AIDLOC=02000h-02003h -DIDLOC=2 \
  -AEEDATA=00h-0FFh/02100h -peeprom_data=EEDATA -DEEDATA=2 -DCODE=2 \
  -DSTRCODE=2 -DSTRING=2 -DCONST=2 -DENTRY=2 \
  -preset_vec=00h,intentry=04h,init,end_init -ppowerup=CODE -pcinit=CODE \
  -pfunctab=ENTRY -k C:\Users\jefca\AppData\Local\Temp\xcAs5r4.o \
  dist/default/production\Lab1_Interrupciones_y_uso_de_librer_as_.X.production.o 

Object code version is 3.11

Machine type is 16F887



                Name                               Link     Load   Length Selector   Space Scale
C:\Users\jefca\AppData\Local\Temp\xcAs5r4.o
                end_init                              E        E        3        8       0
                reset_vec                             0        0        3        0       0
                config                             2007     2007        2        0       4
dist/default/production\Lab1_Interrupciones_y_uso_de_librer_as_.X.production.o
                cinit                                11       11        B        8       0
                intentry                              4        4        A        8       0
                config                             2007     2007        2        0       4
                text10                              148      148       21        8       0
                text9                               10C      10C       3C        8       0
                text8                                1C       1C       5F        8       0
                text7                                CD       CD       3F        8       0
                text6                               19D      19D        A        8       0
                text5                               1B0      1B0        7        8       0
                text4                               183      183       1A        8       0
                text3                               1B7      1B7        6        8       0
                text2                               1A7      1A7        9        8       0
                text1                               169      169       1A        8       0
                maintext                             7B       7B       52        8       0
                cstackBANK0                          20       20        6       20       1
                cstackCOMMON                         70       70        B       70       1
                bssBANK0                             26       26        5       20       1

TOTAL           Name                               Link     Load   Length     Space
        CLASS   STACK          

        CLASS   CODE           
                end_init                              E        E        3         0
                cinit                                11       11        B         0
                intentry                              4        4        A         0
                reset_vec                             0        0        3         0
                text10                              148      148       21         0
                text9                               10C      10C       3C         0
                text8                                1C       1C       5F         0
                text7                                CD       CD       3F         0
                text6                               19D      19D        A         0
                text5                               1B0      1B0        7         0
                text4                               183      183       1A         0
                text3                               1B7      1B7        6         0
                text2                               1A7      1A7        9         0
                text1                               169      169       1A         0
                maintext                             7B       7B       52         0

        CLASS   STRCODE        

        CLASS   STRING         

        CLASS   CONST          

        CLASS   ENTRY          

        CLASS   COMMON         
                cstackCOMMON                         70       70        B         1

        CLASS   BANK0          
                cstackBANK0                          20       20        6         1
                bssBANK0                             26       26        5         1

        CLASS   BANK1          

        CLASS   BANK2          

        CLASS   BANK3          

        CLASS   RAM            

        CLASS   ABS1           
                abs_s1                               7E       7E        2         1

        CLASS   SFR0           

        CLASS   SFR1           

        CLASS   SFR2           

        CLASS   SFR3           

        CLASS   CONFIG         
                config                             2007     2007        2         4

        CLASS   IDLOC          

        CLASS   EEDATA         



SEGMENTS        Name                           Load    Length   Top    Selector   Space  Class     Delta

                reset_vec                      000000  000003  000003         0       0  CODE        2
                intentry                       000004  0001B9  0001BD         8       0  CODE        2
                cstackBANK0                    000020  00000B  00002B        20       1  BANK0       1
                cstackCOMMON                   000070  00000B  00007B        70       1  COMMON      1


UNUSED ADDRESS RANGES

        Name                Unused          Largest block    Delta
        BANK0            002B-006F             45           1
        BANK1            00A0-00EF             50           1
        BANK2            0110-016F             60           1
        BANK3            0190-01EF             60           1
        CODE             0003-0003              1           2
                         01BD-1FFF            800
        COMMON           007B-007D              3           1
        CONST            0003-0003              1           2
                         01BD-1FFF            100
        EEDATA           2100-21FF            100           2
        ENTRY            0003-0003              1           2
                         01BD-1FFF            100
        IDLOC            2000-2003              4           2
        RAM              002B-006F             45           1
                         00A0-00EF             50
                         0110-016F             60
                         0190-01EF             60
        SFR0             0000-001F             20           1
        SFR1             0080-009F             20           1
        SFR2             0100-010F             10           1
        SFR3             0180-018F             10           1
        STACK            0110-016F             60           1
        STRCODE          0003-0003              1           2
                         01BD-1FFF           1E43
        STRING           0003-0003              1           2
                         01BD-1FFF            100

                                  Symbol Table

ADCconfig@canal             cstackBANK0  0023
ADCconfig@just              cstackBANK0  0020
_ADCON0bits                 (abs)        001F
_ADCON1bits                 (abs)        009F
_ADCconfig                  text7        00CD
_ADRESH                     (abs)        001E
_ANSEL                      (abs)        0188
_ANSELH                     (abs)        0189
_INTCONbits                 (abs)        000B
_IOCBbits                   (abs)        0096
_OPTION_REGbits             (abs)        0081
_OSCCONbits                 (abs)        008F
_PORTA                      (abs)        0005
_PORTB                      (abs)        0006
_PORTBbits                  (abs)        0006
_PORTC                      (abs)        0007
_PORTD                      (abs)        0008
_PORTE                      (abs)        0009
_PORTEbits                  (abs)        0009
_TRISA                      (abs)        0085
_TRISB                      (abs)        0086
_TRISC                      (abs)        0087
_TRISD                      (abs)        0088
_TRISE                      (abs)        0089
__Habs1                     abs1         0000
__Hbank0                    bank0        0000
__Hbank1                    bank1        0000
__Hbank2                    bank2        0000
__Hbank3                    bank3        0000
__HbssBANK0                 bssBANK0     0000
__Hcinit                    cinit        001C
__Hclrtext                  clrtext      0000
__Hcode                     code         0000
__Hcommon                   common       0000
__Hconfig                   config       2009
__HcstackBANK0              cstackBANK0  0000
__HcstackCOMMON             cstackCOMMON 0000
__Heeprom_data              eeprom_data  0000
__Hend_init                 end_init     0011
__Hfunctab                  functab      0000
__Hinit                     init         000E
__Hintentry                 intentry     000E
__Hmaintext                 maintext     0000
__Hpowerup                  powerup      0000
__Hram                      ram          0000
__Hreset_vec                reset_vec    0003
__Hsfr0                     sfr0         0000
__Hsfr1                     sfr1         0000
__Hsfr2                     sfr2         0000
__Hsfr3                     sfr3         0000
__Hspace_0                  (abs)        01BD
__Hspace_1                  (abs)        007B
__Hspace_2                  (abs)        0000
__Hspace_3                  (abs)        0000
__Hspace_4                  (abs)        4010
__Hstack                    stack        0000
__Hstrings                  strings      0000
__Htext                     text         0000
__Labs1                     abs1         0000
__Lbank0                    bank0        0000
__Lbank1                    bank1        0000
__Lbank2                    bank2        0000
__Lbank3                    bank3        0000
__LbssBANK0                 bssBANK0     0000
__Lcinit                    cinit        0011
__Lclrtext                  clrtext      0000
__Lcode                     code         0000
__Lcommon                   common       0000
__Lconfig                   config       0000
__LcstackBANK0              cstackBANK0  0000
__LcstackCOMMON             cstackCOMMON 0000
__Leeprom_data              eeprom_data  0000
__Lend_init                 end_init     000E
__Lfunctab                  functab      0000
__Linit                     init         000E
__Lintentry                 intentry     0004
__Lmaintext                 maintext     0000
__Lpowerup                  powerup      0000
__Lram                      ram          0000
__Lreset_vec                reset_vec    0000
__Lsfr0                     sfr0         0000
__Lsfr1                     sfr1         0000
__Lsfr2                     sfr2         0000
__Lsfr3                     sfr3         0000
__Lspace_0                  (abs)        0000
__Lspace_1                  (abs)        0000
__Lspace_2                  (abs)        0000
__Lspace_3                  (abs)        0000
__Lspace_4                  (abs)        0000
__Lstack                    stack        0000
__Lstrings                  strings      0000
__Ltext                     text         0000
__S0                        (abs)        01BD
__S1                        (abs)        007B
__S2                        (abs)        0000
__S3                        (abs)        0000
___int_sp                   stack        0000
___latbits                  (abs)        0002
___sp                       stack        0000
___stackhi                  (abs)        0000
___stacklo                  (abs)        0000
__end_of_ADCconfig          text7        010C
__end_of__initialization    cinit        0018
__end_of_config_adc         text6        01A7
__end_of_config_int_enable  text5        01B7
__end_of_config_io          text4        019D
__end_of_config_reloj       text3        01BD
__end_of_config_tmr0        text2        01B0
__end_of_display            text8        007B
__end_of_hexconv            text10       0169
__end_of_interrupcion       text9        0148
__end_of_main               maintext     00CD
__end_of_setup              text1        0183
__initialization            cinit        0011
__pbssBANK0                 bssBANK0     0026
__pcstackBANK0              cstackBANK0  0020
__pcstackCOMMON             cstackCOMMON 0070
__pintentry                 intentry     0004
__pmaintext                 maintext     007B
__ptext1                    text1        0169
__ptext10                   text10       0148
__ptext2                    text2        01A7
__ptext3                    text3        01B7
__ptext4                    text4        0183
__ptext5                    text5        01B0
__ptext6                    text6        019D
__ptext7                    text7        00CD
__ptext8                    text8        001C
__ptext9                    text9        010C
__size_of_ADCconfig         (abs)        0000
__size_of_config_adc        (abs)        0000
__size_of_config_int_enable (abs)        0000
__size_of_config_io         (abs)        0000
__size_of_config_reloj      (abs)        0000
__size_of_config_tmr0       (abs)        0000
__size_of_display           (abs)        0000
__size_of_hexconv           (abs)        0000
__size_of_interrupcion      (abs)        0000
__size_of_main              (abs)        0000
__size_of_setup             (abs)        0000
_bandera                    bssBANK0     0026
_config_adc                 text6        019D
_config_int_enable          text5        01B0
_config_io                  text4        0183
_config_reloj               text3        01B7
_config_tmr0                text2        01A7
_contador                   bssBANK0     0028
_decena                     bssBANK0     002A
_display                    text8        001C
_hexconv                    text10       0148
_interrupcion               text9        010C
_main                       maintext     007B
_multi                      bssBANK0     0027
_setup                      text1        0169
_unidad                     bssBANK0     0029
btemp                       (abs)        007E
display@val                 cstackBANK0  0022
end_of_initialization       cinit        0018
hexconv@decena              cstackCOMMON 0070
hexconv@temp                cstackCOMMON 0075
hexconv@unidad              cstackCOMMON 0071
hexconv@val                 cstackCOMMON 0074
interrupt_function          intentry     0004
intlevel0                   functab      0000
intlevel1                   functab      0000
intlevel2                   functab      0000
intlevel3                   functab      0000
intlevel4                   functab      0000
intlevel5                   functab      0000
reset_vec                   reset_vec    0000
saved_w                     (abs)        007E
start                       init         000E
start_initialization        cinit        0011
wtemp0                      (abs)        007E


MODULE INFORMATION

Module		Function		Class		Link	Load	Size
Lab1.c
		_config_int_enable		CODE           	01B0	0000	7
		_main          		CODE           	007B	0000	82
		_interrupcion  		CODE           	010C	0000	60
		_setup         		CODE           	0169	0000	26
		_config_io     		CODE           	0183	0000	26
		_config_adc    		CODE           	019D	0000	10
		_config_tmr0   		CODE           	01A7	0000	9
		_config_reloj  		CODE           	01B7	0000	6

Lab1.c estimated size: 226

ADC_a_7seg.c
		_hexconv       		CODE           	0148	0000	33
		_display       		CODE           	001C	0000	95
		_ADCconfig     		CODE           	00CD	0000	63

ADC_a_7seg.c estimated size: 191

shared
		__initialization		CODE           	0011	0000	7

shared estimated size: 7

