Microchip MPLAB XC8 Compiler V2.32

Linker command line:

-W-3 --edf=C:\Program Files\Microchip\xc8\v2.32\pic\dat\en_msgs.txt -cn \
  -h+dist/default/production\Lab3_SPI_Master.X.production.sym \
  --cmf=dist/default/production\Lab3_SPI_Master.X.production.cmf -z \
  -Q16F887 -oC:\Users\jefca\AppData\Local\Temp\xcAse3c.4 \
  --defsym=__MPLAB_BUILD=1 \
  -Mdist/default/production/Lab3_SPI_Master.X.production.map -E1 \
  -ver=XC8 Compiler --acfsm=1493 -ASTACK=0110h-016Fh -pstack=STACK \
  -ACODE=00h-07FFhx4 -ASTRCODE=00h-01FFFh -ASTRING=00h-0FFhx32 \
  -ACONST=00h-0FFhx32 -AENTRY=00h-0FFhx32 -ACOMMON=070h-07Fh \
  -ABANK0=020h-06Fh -ABANK1=0A0h-0EFh -ABANK2=0110h-016Fh \
  -ABANK3=0190h-01EFh -ARAM=020h-06Fh,0A0h-0EFh,0110h-016Fh,0190h-01EFh \
  -AABS1=020h-07Fh,0A0h-0EFh,0110h-016Fh,0190h-01EFh -ASFR0=00h-01Fh \
  -ASFR1=080h-09Fh -ASFR2=0100h-010Fh -ASFR3=0180h-018Fh \
  -ACONFIG=02007h-02008h -DCONFIG=2 -AIDLOC=02000h-02003h -DIDLOC=2 \
  -AEEDATA=00h-0FFh/02100h -peeprom_data=EEDATA -DEEDATA=2 -DCODE=2 \
  -DSTRCODE=2 -DSTRING=2 -DCONST=2 -DENTRY=2 \
  -preset_vec=00h,intentry=04h,init,end_init -ppowerup=CODE -pcinit=CODE \
  -pfunctab=ENTRY -k C:\Users\jefca\AppData\Local\Temp\xcAse3c.o \
  dist/default/production\Lab3_SPI_Master.X.production.o 

Object code version is 3.11

Machine type is 16F887



                Name                               Link     Load   Length Selector   Space Scale
C:\Users\jefca\AppData\Local\Temp\xcAse3c.o
                end_init                              C        C        3        8       0
                reset_vec                             0        0        3        0       0
                config                             2007     2007        2        0       4
dist/default/production\Lab3_SPI_Master.X.production.o
                cinit                                 F        F       14        8       0
                intentry                              4        4        8        8       0
                config                             2007     2007        2        0       4
                text20                              CFA      CFA       19     19F4       0
                text19                              CBD      CBD       12     197A       0
                text18                              D32      D32       24     1A64       0
                text17                              CA7      CA7        A     194E       0
                text16                              7F9      7F9        6        8       0
                text15                              7D0      7D0       29        8       0
                text14                               23       23      361        8       0
                text13                              384      384      290        8       0
                text12                              D56      D56       24     1AAC       0
                text11                              E5E      E5E       7C     1CBC       0
                text10                              714      714       BC        8       0
                text9                               DF5      DF5       69     1BEA       0
                text8                               CCF      CCF       15     199E       0
                text7                               DAD      DAD       48     1B5A       0
                text6                               CB1      CB1        C     1962       0
                text5                               D13      D13       1F     1A26       0
                text4                               F57      F57       A9     1EAE       0
                text3                               EDA      EDA       7D     1DB4       0
                text2                               D7A      D7A       33     1AF4       0
                text1                               CE4      CE4       16     19C8       0
                maintext                            614      614      100        8       0
                cstackBANK0                          20       20       42       20       1
                cstackCOMMON                         70       70        8       70       1
                bssBANK0                             62       62        B       20       1
                bssCOMMON                            78       78        3       70       1
                strings                             800      800       28     1000       0

TOTAL           Name                               Link     Load   Length     Space
        CLASS   STACK          

        CLASS   CODE           
                end_init                              C        C        3         0
                cinit                                 F        F       14         0
                intentry                              4        4        8         0
                reset_vec                             0        0        3         0
                text20                              CFA      CFA       19         0
                text19                              CBD      CBD       12         0
                text18                              D32      D32       24         0
                text17                              CA7      CA7        A         0
                text16                              7F9      7F9        6         0
                text15                              7D0      7D0       29         0
                text14                               23       23      361         0
                text13                              384      384      290         0
                text12                              D56      D56       24         0
                text11                              E5E      E5E       7C         0
                text10                              714      714       BC         0
                text9                               DF5      DF5       69         0
                text8                               CCF      CCF       15         0
                text7                               DAD      DAD       48         0
                text6                               CB1      CB1        C         0
                text5                               D13      D13       1F         0
                text4                               F57      F57       A9         0
                text3                               EDA      EDA       7D         0
                text2                               D7A      D7A       33         0
                text1                               CE4      CE4       16         0
                maintext                            614      614      100         0

        CLASS   STRCODE        

        CLASS   STRING         
                strings                             800      800       28         0

        CLASS   CONST          

        CLASS   ENTRY          

        CLASS   COMMON         
                cstackCOMMON                         70       70        8         1
                bssCOMMON                            78       78        3         1

        CLASS   BANK0          
                cstackBANK0                          20       20       42         1
                bssBANK0                             62       62        B         1

        CLASS   BANK1          

        CLASS   BANK2          

        CLASS   BANK3          

        CLASS   RAM            

        CLASS   ABS1           
                abs_s1                               7E       7E        2         1

        CLASS   SFR0           

        CLASS   SFR1           

        CLASS   SFR2           

        CLASS   SFR3           

        CLASS   CONFIG         
                config                             2007     2007        2         4

        CLASS   IDLOC          

        CLASS   EEDATA         



SEGMENTS        Name                           Load    Length   Top    Selector   Space  Class     Delta

                reset_vec                      000000  000003  000003         0       0  CODE        2
                intentry                       000004  0007FB  0007FF         8       0  CODE        2
                cstackBANK0                    000020  00004D  00006D        20       1  BANK0       1
                cstackCOMMON                   000070  00000B  00007B        70       1  COMMON      1
                strings                        000800  000028  000828      1000       0  STRING      2
                text17                         000CA7  00000A  000CB1      194E       0  CODE        2
                text6                          000CB1  00000C  000CBD      1962       0  CODE        2
                text19                         000CBD  000012  000CCF      197A       0  CODE        2
                text8                          000CCF  000015  000CE4      199E       0  CODE        2
                text1                          000CE4  000016  000CFA      19C8       0  CODE        2
                text20                         000CFA  000019  000D13      19F4       0  CODE        2
                text5                          000D13  00001F  000D32      1A26       0  CODE        2
                text18                         000D32  000024  000D56      1A64       0  CODE        2
                text12                         000D56  000024  000D7A      1AAC       0  CODE        2
                text2                          000D7A  000033  000DAD      1AF4       0  CODE        2
                text7                          000DAD  000048  000DF5      1B5A       0  CODE        2
                text9                          000DF5  000069  000E5E      1BEA       0  CODE        2
                text11                         000E5E  00007C  000EDA      1CBC       0  CODE        2
                text3                          000EDA  00007D  000F57      1DB4       0  CODE        2
                text4                          000F57  0000A9  001000      1EAE       0  CODE        2


UNUSED ADDRESS RANGES

        Name                Unused          Largest block    Delta
        BANK0            006D-006F              3           1
        BANK1            00A0-00EF             50           1
        BANK2            0110-016F             60           1
        BANK3            0190-01EF             60           1
        CODE             0003-0003              1           2
                         07FF-07FF              1
                         0828-0CA6            47F
                         1000-1FFF            800
        COMMON           007B-007D              3           1
        CONST            0003-0003              1           2
                         07FF-07FF              1
                         0828-0CA6            100
                         1000-1FFF            100
        EEDATA           2100-21FF            100           2
        ENTRY            0003-0003              1           2
                         07FF-07FF              1
                         0828-0CA6            100
                         1000-1FFF            100
        IDLOC            2000-2003              4           2
        RAM              006D-006F              3           1
                         00A0-00EF             50
                         0110-016F             60
                         0190-01EF             60
        SFR0             0000-001F             20           1
        SFR1             0080-009F             20           1
        SFR2             0100-010F             10           1
        SFR3             0180-018F             10           1
        STACK            0110-016F             60           1
        STRCODE          0003-0003              1           2
                         07FF-07FF              1
                         0828-0CA6            47F
                         1000-1FFF           1000
        STRING           0003-0003              1           2
                         07FF-07FF              1
                         0828-0CA6            100
                         1000-1FFF            100

                                  Symbol Table

?__Umul8_16               cstackCOMMON 0073
?___awdiv                 cstackCOMMON 0073
?___fladd                 cstackBANK0  0020
?___flmul                 cstackBANK0  002A
?___flsub                 cstackBANK0  0030
?___fltol                 cstackBANK0  0044
?___xxtofl                cstackCOMMON 0073
_ANSEL                    (abs)        0188
_ANSELH                   (abs)        0189
_INTCONbits               (abs)        000B
_OSCCONbits               (abs)        008F
_PIE1bits                 (abs)        008C
_PIR1bits                 (abs)        000C
_PORTA                    (abs)        0005
_PORTB                    (abs)        0006
_PORTC                    (abs)        0007
_PORTCbits                (abs)        0007
_PORTD                    (abs)        0008
_PORTE                    (abs)        0009
_RCREG                    (abs)        001A
_RCSTAbits                (abs)        0018
_SPBRG                    (abs)        0099
_SSPBUF                   (abs)        0013
_SSPCON                   (abs)        0014
_SSPSTAT                  (abs)        0094
_SSPSTATbits              (abs)        0094
_TRISA                    (abs)        0085
_TRISB                    (abs)        0086
_TRISC3                   (abs)        043B
_TRISC5                   (abs)        043D
_TRISCbits                (abs)        0087
_TRISD                    (abs)        0088
_TRISE                    (abs)        0089
_TXREG                    (abs)        0019
_TXSTAbits                (abs)        0098
_UARTsend                 bssCOMMON    0079
_UARTsend2                bssCOMMON    0078
__Habs1                   abs1         0000
__Hbank0                  bank0        0000
__Hbank1                  bank1        0000
__Hbank2                  bank2        0000
__Hbank3                  bank3        0000
__HbssBANK0               bssBANK0     0000
__HbssCOMMON              bssCOMMON    0000
__Hcinit                  cinit        0023
__Hclrtext                clrtext      0000
__Hcode                   code         0000
__Hcommon                 common       0000
__Hconfig                 config       2009
__HcstackBANK0            cstackBANK0  0000
__HcstackCOMMON           cstackCOMMON 0000
__Heeprom_data            eeprom_data  0000
__Hend_init               end_init     000F
__Hfunctab                functab      0000
__Hinit                   init         000C
__Hintentry               intentry     000C
__Hmaintext               maintext     0000
__Hpowerup                powerup      0000
__Hram                    ram          0000
__Hreset_vec              reset_vec    0003
__Hsfr0                   sfr0         0000
__Hsfr1                   sfr1         0000
__Hsfr2                   sfr2         0000
__Hsfr3                   sfr3         0000
__Hspace_0                (abs)        1000
__Hspace_1                (abs)        007B
__Hspace_2                (abs)        0000
__Hspace_3                (abs)        0000
__Hspace_4                (abs)        4010
__Hstack                  stack        0000
__Hstrings                strings      0000
__Htext                   text         0000
__Labs1                   abs1         0000
__Lbank0                  bank0        0000
__Lbank1                  bank1        0000
__Lbank2                  bank2        0000
__Lbank3                  bank3        0000
__LbssBANK0               bssBANK0     0000
__LbssCOMMON              bssCOMMON    0000
__Lcinit                  cinit        000F
__Lclrtext                clrtext      0000
__Lcode                   code         0000
__Lcommon                 common       0000
__Lconfig                 config       0000
__LcstackBANK0            cstackBANK0  0000
__LcstackCOMMON           cstackCOMMON 0000
__Leeprom_data            eeprom_data  0000
__Lend_init               end_init     000C
__Lfunctab                functab      0000
__Linit                   init         000C
__Lintentry               intentry     0004
__Lmaintext               maintext     0000
__Lpowerup                powerup      0000
__Lram                    ram          0000
__Lreset_vec              reset_vec    0000
__Lsfr0                   sfr0         0000
__Lsfr1                   sfr1         0000
__Lsfr2                   sfr2         0000
__Lsfr3                   sfr3         0000
__Lspace_0                (abs)        0000
__Lspace_1                (abs)        0000
__Lspace_2                (abs)        0000
__Lspace_3                (abs)        0000
__Lspace_4                (abs)        0000
__Lstack                  stack        0000
__Lstrings                strings      0000
__Ltext                   text         0000
__S0                      (abs)        1000
__S1                      (abs)        007B
__S2                      (abs)        0000
__S3                      (abs)        0000
__Umul8_16                text15       07D0
__Umul8_16@multiplicand   cstackCOMMON 0073
__Umul8_16@multiplier     cstackBANK0  0024
__Umul8_16@product        cstackBANK0  0020
__Umul8_16@word_mpld      cstackBANK0  0022
___awdiv                  text9        0DF5
___awdiv@counter          cstackBANK0  0020
___awdiv@dividend         cstackCOMMON 0075
___awdiv@divisor          cstackCOMMON 0073
___awdiv@quotient         cstackBANK0  0022
___awdiv@sign             cstackBANK0  0021
___bmul                   text8        0CCF
___bmul@multiplicand      cstackCOMMON 0073
___bmul@multiplier        cstackCOMMON 0076
___bmul@product           cstackCOMMON 0075
___fladd                  text13       0384
___fladd@a                cstackBANK0  0024
___fladd@aexp             cstackCOMMON 0074
___fladd@b                cstackBANK0  0020
___fladd@bexp             cstackCOMMON 0075
___fladd@grs              cstackCOMMON 0076
___fladd@signs            cstackCOMMON 0073
___flmul                  text14       0023
___flmul@a                cstackBANK0  002E
___flmul@aexp             cstackBANK0  003C
___flmul@b                cstackBANK0  002A
___flmul@bexp             cstackBANK0  003D
___flmul@grs              cstackBANK0  0038
___flmul@prod             cstackBANK0  003E
___flmul@sign             cstackBANK0  0037
___flmul@temp             cstackBANK0  0042
___flsub                  text12       0D56
___flsub@a                cstackBANK0  0030
___flsub@b                cstackBANK0  0034
___fltol                  text11       0E5E
___fltol@exp1             cstackBANK0  004E
___fltol@f1               cstackBANK0  0044
___fltol@sign1            cstackBANK0  004D
___int_sp                 stack        0000
___latbits                (abs)        0002
___sp                     stack        0000
___stackhi                (abs)        0000
___stacklo                (abs)        0000
___xxtofl                 text10       0714
___xxtofl@arg             cstackBANK0  0026
___xxtofl@exp             cstackBANK0  0025
___xxtofl@sign            cstackBANK0  0024
___xxtofl@val             cstackCOMMON 0073
__end_of__Umul8_16        text15       07F9
__end_of___awdiv          text9        0E5E
__end_of___bmul           text8        0CE4
__end_of___fladd          text13       0614
__end_of___flmul          text14       0384
__end_of___flsub          text12       0D7A
__end_of___fltol          text11       0EDA
__end_of___xxtofl         text10       07D0
__end_of__initialization  cinit        001F
__end_of__stringtab       strings      0806
__end_of_config           text18       0D56
__end_of_configUART       text19       0CCF
__end_of_division         text7        0DF5
__end_of_divisiondecimal  text3        0F57
__end_of_interrupcion     text20       0D13
__end_of_main             maintext     0714
__end_of_readSPI          text17       0CB1
__end_of_send1dato        text6        0CBD
__end_of_sendSPI          text16       07FF
__end_of_sendString       text5        0D32
__end_of_sendfloat        text4        1000
__end_of_sendhex          text2        0DAD
__end_of_spiInit          text1        0CFA
__initialization          cinit        000F
__pbssBANK0               bssBANK0     0062
__pbssCOMMON              bssCOMMON    0078
__pcstackBANK0            cstackBANK0  0020
__pcstackCOMMON           cstackCOMMON 0070
__pintentry               intentry     0004
__pmaintext               maintext     0614
__pstrings                strings      0800
__ptext1                  text1        0CE4
__ptext10                 text10       0714
__ptext11                 text11       0E5E
__ptext12                 text12       0D56
__ptext13                 text13       0384
__ptext14                 text14       0023
__ptext15                 text15       07D0
__ptext16                 text16       07F9
__ptext17                 text17       0CA7
__ptext18                 text18       0D32
__ptext19                 text19       0CBD
__ptext2                  text2        0D7A
__ptext20                 text20       0CFA
__ptext3                  text3        0EDA
__ptext4                  text4        0F57
__ptext5                  text5        0D13
__ptext6                  text6        0CB1
__ptext7                  text7        0DAD
__ptext8                  text8        0CCF
__ptext9                  text9        0DF5
__size_of__Umul8_16       (abs)        0000
__size_of___awdiv         (abs)        0000
__size_of___bmul          (abs)        0000
__size_of___fladd         (abs)        0000
__size_of___flmul         (abs)        0000
__size_of___flsub         (abs)        0000
__size_of___fltol         (abs)        0000
__size_of___xxtofl        (abs)        0000
__size_of_config          (abs)        0000
__size_of_configUART      (abs)        0000
__size_of_division        (abs)        0000
__size_of_divisiondecimal (abs)        0000
__size_of_interrupcion    (abs)        0000
__size_of_main            (abs)        0000
__size_of_readSPI         (abs)        0000
__size_of_send1dato       (abs)        0000
__size_of_sendSPI         (abs)        0000
__size_of_sendString      (abs)        0000
__size_of_sendfloat       (abs)        0000
__size_of_sendhex         (abs)        0000
__size_of_spiInit         (abs)        0000
__stringbase              strings      0805
__stringtab               strings      0800
_config                   text18       0D32
_configUART               text19       0CBD
_contador                 bssCOMMON    007A
_division                 text7        0DAD
_divisiondecimal          text3        0EDA
_interrupcion             text20       0CFA
_main                     maintext     0614
_potf1                    bssBANK0     0066
_potf2                    bssBANK0     0062
_readSPI                  text17       0CA7
_send1dato                text6        0CB1
_sendSPI                  text16       07F9
_sendString               text5        0D13
_sendfloat                text4        0F57
_sendhex                  text2        0D7A
_spiInit                  text1        0CE4
btemp                     (abs)        007E
division@conteo           cstackBANK0  0029
division@dec              cstackBANK0  0025
division@div              cstackBANK0  002A
division@un               cstackBANK0  0024
divisiondecimal@cent      cstackBANK0  0026
divisiondecimal@conteo    cstackBANK0  002A
divisiondecimal@dec       cstackBANK0  0025
divisiondecimal@div       cstackBANK0  002B
divisiondecimal@un        cstackBANK0  0024
end_of_initialization     cinit        001F
interrupt_function        intentry     0004
intlevel0                 functab      0000
intlevel1                 functab      0000
intlevel2                 functab      0000
intlevel3                 functab      0000
intlevel4                 functab      0000
intlevel5                 functab      0000
reset_vec                 reset_vec    0000
saved_w                   (abs)        007E
send1dato@dato            cstackCOMMON 0073
sendSPI@valor             cstackCOMMON 0073
sendString@mensaje        cstackCOMMON 0075
sendfloat@decimal         cstackBANK0  005B
sendfloat@digdecimal      cstackBANK0  005D
sendfloat@entero          cstackBANK0  005C
sendfloat@temp            cstackBANK0  0057
sendfloat@valor           cstackBANK0  004F
sendhex@centena           cstackBANK0  0031
sendhex@decena            cstackBANK0  0032
sendhex@unidad            cstackBANK0  0030
sendhex@valor             cstackBANK0  002F
spiInit@sClockIdle        cstackCOMMON 0074
spiInit@sDataSample       cstackCOMMON 0073
spiInit@sTransmitEdge     cstackCOMMON 0075
spiInit@sType             cstackCOMMON 0076
start                     init         000C
start_initialization      cinit        000F
wtemp0                    (abs)        007E


MODULE INFORMATION

Module		Function		Class		Link	Load	Size
C:\Program Files\Microchip\xc8\v2.32\pic\sources\c90\common\Umul8.c
		___bmul        		CODE           	0CCF	0000	21

C:\Program Files\Microchip\xc8\v2.32\pic\sources\c90\common\Umul8.c estimated size: 21

CSerial.c
		_divisiondecimal		CODE           	0EDA	0000	125
		_send1dato     		CODE           	0CB1	0000	12
		_sendString    		CODE           	0D13	0000	31
		_division      		CODE           	0DAD	0000	72
		_sendfloat     		CODE           	0F57	0000	169
		_sendhex       		CODE           	0D7A	0000	51
		_configUART    		CODE           	0CBD	0000	18

CSerial.c estimated size: 478

C:\Program Files\Microchip\xc8\v2.32\pic\sources\c90\common\sprcadd.c
		___flsub       		CODE           	0D56	0000	36
		___fladd       		CODE           	0384	0000	656

C:\Program Files\Microchip\xc8\v2.32\pic\sources\c90\common\sprcadd.c estimated size: 692

C:\Program Files\Microchip\xc8\v2.32\pic\sources\c90\common\xxtofl.c
		___xxtofl      		CODE           	0714	0000	188

C:\Program Files\Microchip\xc8\v2.32\pic\sources\c90\common\xxtofl.c estimated size: 188

C:\Program Files\Microchip\xc8\v2.32\pic\sources\c90\common\Umul8_16.c
		__Umul8_16     		CODE           	07D0	0000	41

C:\Program Files\Microchip\xc8\v2.32\pic\sources\c90\common\Umul8_16.c estimated size: 41

Lab3 Master.c
		_main          		CODE           	0614	0000	256
		_config        		CODE           	0D32	0000	36
		_interrupcion  		CODE           	0CFA	0000	25

Lab3 Master.c estimated size: 317

shared
		__stringtab    		STRING         	0800	0000	6
		__initialization		CODE           	000F	0000	16

shared estimated size: 22

C:\Program Files\Microchip\xc8\v2.32\pic\sources\c90\common\sprcmul.c
		___flmul       		CODE           	0023	0000	865

C:\Program Files\Microchip\xc8\v2.32\pic\sources\c90\common\sprcmul.c estimated size: 865

SPI.c
		_readSPI       		CODE           	0CA7	0000	10
		_spiInit       		CODE           	0CE4	0000	22
		_sendSPI       		CODE           	07F9	0000	6

SPI.c estimated size: 38

C:\Program Files\Microchip\xc8\v2.32\pic\sources\c90\common\awdiv.c
		___awdiv       		CODE           	0DF5	0000	105

C:\Program Files\Microchip\xc8\v2.32\pic\sources\c90\common\awdiv.c estimated size: 105

C:\Program Files\Microchip\xc8\v2.32\pic\sources\c90\common\fltol.c
		___fltol       		CODE           	0E5E	0000	124

C:\Program Files\Microchip\xc8\v2.32\pic\sources\c90\common\fltol.c estimated size: 124

